1 11
0
1 1
0
0
0
0
0
0
0
0
0
0
0
1 9
0
0
0
1 3
0
0
5 0 1 2 3 4
2 1 10
0
0
0
0
0
1 6
3 2 8 9
1 6
0
0
0
1 1
0
2 7 9
0
1 1
2 2 7
0
0
0
0
0
1 13
0
0
0
1 3
0
0
0
0
0
0
0
0
0
0
0
1 4
0
0
0
1 9
0
0
0
0
0
0
1 2
0
0
0
0
0
1 1
0
0
2 8 9
0
0
0
0
0
1 7
0
1 6
0
0
0
0
1 1
0
0
0
1 8
0
0
2 3 8
0
0
0
1 0
0
1 3
0
0
0
3 3 6 9
0
0
0
2 1 3
0
0
0
0
0
0
1 3
2 5 6
0
0
0
1 9
1 11
1 11
0
2 0 3
0
1 4
1 11
